Traceback (most recent call last):
  File "/usr/lib/python3.14/asyncio/tasks.py", line 488, in wait_for
    return await fut
           ^^^^^^^^^
  File "/usr/lib/python3.14/asyncio/locks.py", line 213, in wait
    await fut
asyncio.exceptions.CancelledError

The above exception was the direct cause of the following exception:

Traceback (most recent call last):
  File "/home/harkerhand/codes/bochat/community/bochat-ai-summary/.venv/bin/bochat-ai-summary", line 10, in <module>
    sys.exit(main())
             ~~~~^^
  File "/home/harkerhand/codes/bochat/community/bochat-ai-summary/src/bochat_ai_summary/cli.py", line 32, in main
    asyncio.run(run(config=config, settings=settings, dry_run=args.dry_run, once=args.once))
    ~~~~~~~~~~~^^^^^^^^^^^^^^^^^^^^^^^^^^^^^^^^^^^^^^^^^^^^^^^^^^^^^^^^^^^^^^^^^^^^^^^^^^^^^
  File "/usr/lib/python3.14/asyncio/runners.py", line 204, in run
    return runner.run(main)
           ~~~~~~~~~~^^^^^^
  File "/usr/lib/python3.14/asyncio/runners.py", line 127, in run
    return self._loop.run_until_complete(task)
           ~~~~~~~~~~~~~~~~~~~~~~~~~~~~~^^^^^^
  File "/usr/lib/python3.14/asyncio/base_events.py", line 719, in run_until_complete
    return future.result()
           ~~~~~~~~~~~~~^^
  File "/home/harkerhand/codes/bochat/community/bochat-ai-summary/src/bochat_ai_summary/app.py", line 93, in run
    conn = await dispatcher.wait_connection_payload(timeout=10)
           ^^^^^^^^^^^^^^^^^^^^^^^^^^^^^^^^^^^^^^^^^^^^^^^^^^^^
  File "/home/harkerhand/codes/bochat/community/bochat-ai-summary/.venv/lib/python3.14/site-packages/bochat_sdk/ws.py", line 366, in wait_connection_payload
    return await self._handle.wait_connection_payload(timeout=timeout)
           ^^^^^^^^^^^^^^^^^^^^^^^^^^^^^^^^^^^^^^^^^^^^^^^^^^^^^^^^^^^
  File "/home/harkerhand/codes/bochat/community/bochat-ai-summary/.venv/lib/python3.14/site-packages/bochat_sdk/ws.py", line 203, in wait_connection_payload
    await asyncio.wait_for(self._connection_event.wait(), timeout=timeout)
  File "/usr/lib/python3.14/asyncio/tasks.py", line 487, in wait_for
    async with timeouts.timeout(timeout):
               ~~~~~~~~~~~~~~~~^^^^^^^^^
  File "/usr/lib/python3.14/asyncio/timeouts.py", line 114, in __aexit__
    raise TimeoutError from exc_val
TimeoutError
